// Jest Snapshot v1, https://goo.gl/fbAQLP

exports[`App component renders App 1`] = `
<DocumentFragment>
  <div>
    <div
      style="transition: opacity 3000ms, transform 3000ms; transform: translateY(20px); opacity: 0;"
    >
      <div
        class="appContainer"
      >
        <div>
          <header>
            Hello! I'm Michelle.
          </header>
        </div>
        <div
          class="contentAndSidebarDiv"
        >
          <div
            class="appContentDiv"
          >
            <a
              class="headerLinks"
              href="/about-me"
            >
              About Me
            </a>
            <a
              class="headerLinks"
              href="/projects"
            >
              Past Projects
            </a>
            <a
              class="headerLinks"
              href="/working-on"
            >
              Current Projects
            </a>
            <a
              class="headerLinks"
              href="/collaborate"
            >
              Collaborate
            </a>
            <a
              class="headerLinks"
              href="/experience"
            >
              Resume & Experience
            </a>
          </div>
          <div
            class="sidebarDiv"
          >
            <div
              class="soundsAndThemeDiv"
            >
              <div
                class="soundsDiv"
              >
                <h2
                  class="soundsHeader"
                >
                  Relax with a sound.
                </h2>
                <div
                  class="buttonsDiv"
                >
                  <label>
                    <input
                      name="sound"
                      type="radio"
                      value="fire"
                    />
                    fire
                  </label>
                  <label>
                    <input
                      name="sound"
                      type="radio"
                      value="stream"
                    />
                    stream
                  </label>
                  <label>
                    <input
                      name="sound"
                      type="radio"
                      value="rain"
                    />
                    rain
                  </label>
                  <label>
                    <input
                      name="sound"
                      type="radio"
                      value="birds"
                    />
                    birds
                  </label>
                  <label>
                    <input
                      name="sound"
                      type="radio"
                      value="waves"
                    />
                    waves
                  </label>
                  <label
                    class="muteLabel"
                  >
                    <input
                      class="muteButton"
                      name="sound"
                      type="radio"
                      value="stop"
                    />
                    <p>
                      stop
                    </p>
                  </label>
                </div>
              </div>
              <div
                class="sidebarLineOne"
              />
              <div
                class="colorSchemeDiv"
              >
                <h2
                  class="themeHeader"
                >
                  Theme
                </h2>
                <div
                  class="buttonsDiv"
                >
                  <label>
                    <input
                      name="color"
                      type="radio"
                      value="light"
                    />
                    light
                  </label>
                  <label>
                    <input
                      name="color"
                      type="radio"
                      value="dark"
                    />
                    dark
                  </label>
                </div>
              </div>
              <div
                class="sidebarLineTwo"
              />
            </div>
            <div
              class="contactDiv"
            >
              <p
                class="disclaimer"
              >
                site created by Michelle Stermitz, inspired by 
                <a
                  href="http://brunobord.github.io/relax/"
                >
                  this
                </a>
                 lovely app. To view sound credits please see my 
                <a
                  href="https://github.com/michmitz/michelle-stermitz-portfolio"
                >
                  source code
                </a>
                . Thanks for visiting!
              </p>
              <a
                class="contactLink"
                href="https://github.com/michmitz"
              >
                <img
                  alt="/assets/github-logo-white.png"
                  class="githubIcon"
                  src="/assets/GitHub-Mark.png"
                />
                /michmitz
              </a>
              <a
                class="contactLink"
                href="https://linkedin.com/in/michellestermitz"
              >
                <img
                  alt="/assets/linkedin-white.png"
                  class="icon"
                  src="/assets/linkedin-white.png"
                />
                /in/michellestermitz
              </a>
              <a
                class="contactLink"
                href="https://twitter.com/michmitzpdx"
              >
                <img
                  alt="/assets/twitter-white.png"
                  class="icon"
                  src="/assets/twitter-white.png"
                />
                @michmitzpdx
              </a>
            </div>
          </div>
          <aside
            aria-label="Scroll to top of page"
            class="ScrollUpButton__Container "
            data-testid="react-scroll-up-button"
            role="button"
            style="height: 27px; position: fixed; bottom: 20px; width: 27px; transition: all 0.5s ease-in-out; transition-property: opacity, right; cursor: pointer; opacity: 0; right: -75px; z-index: 1000; fill: var(--text); padding-bottom: 1px; padding-left: 1px; padding-right: 1px; background: transparent; outline: none;"
            tabindex="-1"
          >
            <svg
              version="1.1"
              viewBox="0 0 28 28"
              x="0"
              xml:space="preserve"
              xmlns="http://www.w3.org/2000/svg"
              y="0"
            >
              <path
                d="M26.297 20.797l-2.594 2.578c-0.391 0.391-1.016 0.391-1.406 0l-8.297-8.297-8.297 8.297c-0.391 0.391-1.016 0.391-1.406 0l-2.594-2.578c-0.391-0.391-0.391-1.031 0-1.422l11.594-11.578c0.391-0.391 1.016-0.391 1.406 0l11.594 11.578c0.391 0.391 0.391 1.031 0 1.422z"
              />
            </svg>
          </aside>
        </div>
      </div>
    </div>
  </div>
</DocumentFragment>
`;
